[webthemez.com/demo/brilliant-free-bootstrap-admin-template/index.html]
[backblue.gif]
[fade.gif]
[index.html]
[webthemez.com/demo/brilliant-free-bootstrap-admin-template/assets/css/font-awesome.css]
[webthemez.com/demo/brilliant-free-bootstrap-admin-template/assets/css/bootstrap.css]
[webthemez.com/demo/brilliant-free-bootstrap-admin-template/assets/js/morris/morris-0.4.3.min.css]
[webthemez.com/demo/brilliant-free-bootstrap-admin-template/assets/css/custom-styles.css]
[webthemez.com/demo/brilliant-free-bootstrap-admin-template/assets/js/Lightweight-Chart/cssCharts.css]
[webthemez.com/demo/brilliant-free-bootstrap-admin-template/index-2.html]
[webthemez.com/demo/brilliant-free-bootstrap-admin-template/ui-elements.html]
[webthemez.com/demo/brilliant-free-bootstrap-admin-template/chart.html]
[webthemez.com/demo/brilliant-free-bootstrap-admin-template/morris-chart.html]
[webthemez.com/demo/brilliant-free-bootstrap-admin-template/tab-panel.html]
[webthemez.com/demo/brilliant-free-bootstrap-admin-template/table.html]
[webthemez.com/demo/brilliant-free-bootstrap-admin-template/form.html]
[webthemez.com/demo/brilliant-free-bootstrap-admin-template/assets/js/bootstrap.min.js]
[webthemez.com/demo/brilliant-free-bootstrap-admin-template/empty.html]
[webthemez.com/demo/brilliant-free-bootstrap-admin-template/assets/js/jquery-1.10.2.js]
[webthemez.com/demo/brilliant-free-bootstrap-admin-template/assets/js/jquery.metisMenu.js]
[webthemez.com/demo/brilliant-free-bootstrap-admin-template/assets/js/morris/raphael-2.1.0.min.js]
[webthemez.com/demo/brilliant-free-bootstrap-admin-template/assets/js/morris/morris.js]
[webthemez.com/demo/brilliant-free-bootstrap-admin-template/assets/js/easypiechart.js]
[webthemez.com/demo/brilliant-free-bootstrap-admin-template/assets/js/easypiechart-data.js]
[webthemez.com/demo/brilliant-free-bootstrap-admin-template/assets/js/Lightweight-Chart/jquery.chart.js]
[webthemez.com/demo/brilliant-free-bootstrap-admin-template/assets/js/custom-scripts.js]
[webthemez.com/demo/brilliant-free-bootstrap-admin-template/assets/js/chart.min.js]
[webthemez.com/demo/brilliant-free-bootstrap-admin-template/assets/js/chartjs.js]
[webthemez.com/demo/brilliant-free-bootstrap-admin-template/index.html]
[webthemez.com/demo/brilliant-free-bootstrap-admin-template/assets/fonts/glyphicons-halflings-regular.eot]
[webthemez.com/demo/brilliant-free-bootstrap-admin-template/assets/fonts/glyphicons-halflings-regulard41d.eot]
[webthemez.com/demo/brilliant-free-bootstrap-admin-template/assets/fonts/glyphicons-halflings-regular.woff]
[webthemez.com/demo/brilliant-free-bootstrap-admin-template/assets/fonts/glyphicons-halflings-regular.ttf]
[webthemez.com/demo/brilliant-free-bootstrap-admin-template/assets/css/bootstrap.css]
[webthemez.com/demo/brilliant-free-bootstrap-admin-template/assets/fonts/glyphicons-halflings-regular.svg]
[webthemez.com/demo/brilliant-free-bootstrap-admin-template/assets/font-awesome/fonts/fontawesome-webfontba72ba72.eot]
[webthemez.com/demo/brilliant-free-bootstrap-admin-template/assets/font-awesome/fonts/fontawesome-webfontd41dd41d.eot]
[webthemez.com/demo/brilliant-free-bootstrap-admin-template/assets/font-awesome/fonts/fontawesome-webfontba72ba72.woff]
[webthemez.com/demo/brilliant-free-bootstrap-admin-template/assets/font-awesome/fonts/fontawesome-webfontba72ba72.ttf]
[webthemez.com/demo/brilliant-free-bootstrap-admin-template/assets/css/font-awesome.css]
[webthemez.com/demo/brilliant-free-bootstrap-admin-template/assets/js/morris/morris-0.4.3.min.css]
[webthemez.com/demo/brilliant-free-bootstrap-admin-template/assets/css/custom-styles.css]
[webthemez.com/demo/brilliant-free-bootstrap-admin-template/assets/js/Lightweight-Chart/cssCharts.css]
[webthemez.com/demo/brilliant-free-bootstrap-admin-template/index-2.html]
[webthemez.com/demo/brilliant-free-bootstrap-admin-template/ui-elements.html]
[webthemez.com/demo/brilliant-free-bootstrap-admin-template/chart.html]
[webthemez.com/demo/brilliant-free-bootstrap-admin-template/morris-chart.html]
[webthemez.com/demo/brilliant-free-bootstrap-admin-template/tab-panel.html]
[webthemez.com/demo/brilliant-free-bootstrap-admin-template/assets/font-awesome/fonts/fontawesome-webfontba72ba72.svg]
[webthemez.com/demo/brilliant-free-bootstrap-admin-template/assets/js/dataTables/dataTables.bootstrap.css]
[webthemez.com/demo/brilliant-free-bootstrap-admin-template/table.html]
[webthemez.com/demo/brilliant-free-bootstrap-admin-template/assets/js/dataTables/dataTables.bootstrap.js]
[webthemez.com/demo/brilliant-free-bootstrap-admin-template/assets/js/dataTables/jquery.dataTables.js]
[webthemez.com/demo/brilliant-free-bootstrap-admin-template/assets/css/select2.min.css]
[webthemez.com/demo/brilliant-free-bootstrap-admin-template/assets/css/checkbox3.min.css]
[webthemez.com/demo/brilliant-free-bootstrap-admin-template/form.html]
[webthemez.com/demo/brilliant-free-bootstrap-admin-template/empty.html]
[webthemez.com/demo/brilliant-free-bootstrap-admin-template/assets/fonts/glyphicons-halflings-regular.html]
[webthemez.com/demo/brilliant-free-bootstrap-admin-template/assets/fonts/glyphicons-halflings-regular.svg]
[webthemez.com/demo/brilliant-free-bootstrap-admin-template/assets/font-awesome/fonts/fontawesome-webfontba72ba72.svg]
[webthemez.com/demo/brilliant-free-bootstrap-admin-template/assets/js/select2.full.min.js]
[webthemez.com/demo/brilliant-free-bootstrap-admin-template/assets/js/dataTables/dataTables.bootstrap.css]
[webthemez.com/demo/brilliant-free-bootstrap-admin-template/assets/css/select2.min.css]
[webthemez.com/demo/brilliant-free-bootstrap-admin-template/assets/css/checkbox3.min.css]
[webthemez.com/demo/brilliant-free-bootstrap-admin-template/assets/js/images/sort_both.html]
[webthemez.com/demo/brilliant-free-bootstrap-admin-template/assets/js/images/sort_asc.html]
[webthemez.com/demo/brilliant-free-bootstrap-admin-template/assets/js/images/sort_desc.html]
[webthemez.com/demo/brilliant-free-bootstrap-admin-template/assets/js/images/sort_asc_disabled.html]
[webthemez.com/demo/brilliant-free-bootstrap-admin-template/assets/js/images/sort_desc_disabled.html]
